OK   df_read_missing
OK   df_read_ok
OK   df_bad_column
OK   df_bad_filter
OK   df_bad_operator
OK   df_bad_agg
OK   df_good_filter
OK   df_write_bad_path
OK   fts_search_ok
OK   vector_ok
OK   memory_ok
OK   improver_ok
OK   checkpoint_ok
OK   db_ok
OK   db_bad_path
OK   crypto_roundtrip
OK   crypto_wrong_pw
OK   crypto_junk
