OK   floor
OK   floor_neg
OK   ceil
OK   ceil_neg
OK   round_up
OK   round_down
OK   pow
OK   sqrt
OK   min
OK   max
OK   abs_int
OK   abs_expr
OK   floor_expr
OK   ceil_expr
OK   pow_expr
OK   parse_int_ok
OK   parse_int_bad
OK   parse_float_ok
OK   parse_float_bad
OK   random_int_range
OK   random_float_range
OK   uuid_length
OK   uuid_unique
OK   estimate_tokens
OK   time_add
OK   time_diff
