OK   len
OK   length
OK   count
OK   sum
OK   contains_true
OK   contains_false
OK   is_empty_false
OK   is_empty_true
OK   not_consumed
OK   contains_key_true
OK   contains_key_false
OK   map_len
OK   is_some_true
OK   is_some_false
OK   is_none_true
OK   is_none_false
OK   is_ok_true
OK   is_ok_false
OK   is_err_true
OK   is_err_false
