OK   to_lower
OK   to_upper
OK   trim_start
OK   trim_end
OK   ltrim
OK   rtrim
OK   replace
OK   substring
OK   repeat
OK   char_at
OK   pad_left
OK   pad_right
OK   starts_with
OK   ends_with
OK   contains
OK   contains_false
OK   is_empty_false
OK   is_empty_true
OK   length
OK   count_occurrences
OK   to_string_int
OK   to_hex
OK   to_binary
OK   to_fixed
OK   method_form
OK   pipe_form
OK   pipe_chain
OK   len_free
OK   len_method
OK   len_free_list
OK   length_free
