OK   channel_len
OK   channel_recv
OK   channel_len_after
OK   channel_is_closed_false
OK   channel_is_closed_true
OK   event_count
OK   pipeline_step_count
OK   pipeline_run
OK   orchestrator_task_count
OK   completed_before
OK   completed_after
OK   workflow_step_count
OK   workflow_incomplete
OK   workflow_complete
OK   workflow_get_output
OK   workflow_status_name
OK   workflow_status_counts
OK   registry_not_installed
OK   registry_is_installed
OK   registry_version
OK   registry_uninstall
