OK   agents_count
OK   agents_entry_name
OK   agents_entry_status
OK   agents_worker_name
OK   agents_worker_status
OK   agents_handled
OK   agents_last_message
OK   agents_by_status
OK   trace_name
OK   trace_span_count
OK   trace_first_span
OK   trace_child_span
OK   trace_parent_link
OK   trace_has_duration
OK   trace_status
OK   graph_node_count
OK   graph_node_name
OK   graph_node_label
OK   graph_edge_target
OK   graph_edge_relation
OK   cost_limit_tokens
OK   cost_tracks_real_usage
OK   cost_pct_present
