OK   all
OK   all_false
OK   any
OK   any_false
OK   take
OK   skip
OK   zip
OK   index_of
OK   index_of_missing
OK   push
OK   pop
OK   pop_shrinks
OK   last
OK   dedup_adjacent
OK   unique_all
OK   collection_survives
OK   map_get
OK   map_get_default
OK   map_keys
OK   map_values
OK   contains_key
OK   map_remove
OK   and_then
OK   map_err
OK   map_err_keeps_ok
OK   regex_match
OK   regex_no_match
OK   regex_find_all
OK   regex_replace
