OK   assertions_passed
OK   assert_throws
OK   prop_gen_int_range
OK   prop_gen_float_range
OK   prop_gen_bool
OK   prop_gen_string
OK   prop_gen_int_list
OK   prop_gen_string_list
OK   prop_check_ran
OK   prop_assert_passed
[DEBUG] a debug line
[INFO] an info line
OK   logging_returned
OK   time_format_epoch
OK   time_parse
OK   time_add
OK   time_diff
OK   fs_read_lines
OK   fs_read_dir
OK   path_resolve
OK   cache_dir
OK   data_dir
OK   set_env
OK   pdf_to_base64
OK   pdf_save
