OK   df_columns
OK   df_head
OK   df_sort_keeps_rows
OK   df_groupby
OK   df_with_column
OK   parquet_roundtrip
OK   fts_finds_both
OK   fts_after_delete
OK   embed_local_dimensions
OK   embed_local_batch
OK   vector_search_text
OK   vector_search_fast
OK   rag_retrieve
OK   rag_build_prompt
OK   db_query
OK   audio_format
OK   audio_size_bytes
OK   audio_to_base64
OK   context_from
OK   registry_list
OK   registry_search
OK   cascade_keeps_base
OK   cascade_overrides
