OK   fold
OK   reduce
OK   unique
OK   distinct
OK   flatten
OK   enumerate
OK   join
OK   flat_map
OK   sort
OK   trim_start
OK   trim_end
OK   ltrim
OK   rtrim
OK   count_occurrences
OK   repeat
OK   reverse
OK   chars
OK   pad_left
OK   pad_right
OK   split_once_hit
OK   split_once_miss
OK   str_trim
OK   str_replace
OK   str_split
OK   to_string
OK   to_hex
OK   to_binary
OK   to_fixed
OK   is_ok
OK   is_err
OK   unwrap
OK   is_some
OK   is_none
OK   json_has
OK   json_keys
OK   json_values
OK   json_set
OK   json_merge
OK   clamp
OK   random_int_range
OK   uuid_len
OK   fs_size
OK   fs_read_bytes
OK   is_file
OK   is_dir
OK   fs_copy
OK   fs_rename
OK   home_dir
OK   config_dir
OK   proc_pid
OK   proc_read_line
OK   proc_wait
