OK   sse_event_plain
OK   sse_event_named
OK   routes_registered
OK   sse_push_no_clients
OK   sse_shutdown
OK   mcp_tool_count
OK   mcp_lists_the_tool
OK   mcp_calls_the_tool
OK   mcp_has_tool
OK   mcp_remove_tool
OK   proc_spawn_args
OK   proc_read_line
OK   proc_is_alive_before_kill
OK   proc_kill
