OK   fn_as_parameter
OK   fn_as_return
OK   fn_in_a_field
OK   fn_of_no_arguments
OK   chain_present
OK   chain_absent
OK   chain_stays_optional
OK   chain_on_find
OK   chain_on_missing_find
OK   operator_add
OK   operator_sub
OK   operator_mul
OK   operands_survive
OK   method_on_a_literal
OK   method_on_a_variable
OK   method_on_a_number
OK   variadic_several
OK   variadic_none
OK   variadic_after_a_fixed_one
