OK   struct_literal
OK   cast_int_float
OK   cast_float_int
OK   cast_to_string
OK   mixed_compare
OK   mixed_arith
OK   string_concat
OK   index_list
OK   index_map
OK   index_map_missing
OK   loop_control
OK   block_inner
OK   block_outer
OK   const_read
OK   match_named_catchall
OK   match_guard
OK   match_literal
OK   match_wildcard
