OK   hex
OK   hex_lower
OK   binary
OK   underscores
OK   float_exp
OK   float_exp_neg
OK   float_underscore
OK   plain_float
OK   trailing_array
OK   trailing_map
OK   trailing_call
OK   trailing_enum
OK   escape_tab
OK   escape_quote
OK   escape_backslash
OK   interp_call
OK   interp_nested_literal
OK   interp_repeat
OK   brace_literal
OK   brace_double
OK   brace_backslash
OK   interp_json
OK   interp_string_arg
OK   multiline
OK   precedence_mul
OK   precedence_paren
OK   left_assoc
OK   modulo
OK   unary_minus
OK   unary_not
OK   pipe_chain
OK   compound_assign
OK   range_exclusive
OK   range_inclusive
